// Jest Snapshot v1, https://goo.gl/fbAQLP

exports[`renders correctly 1`] = `
<div>
  <p>
    General information
  </p>
  <div>
    <label>
      first name
      <div
        className="undefined"
      >
        <input
          id="firstName"
          name="firstName"
          placeholder="Frederick"
          type="text"
        />
      </div>
    </label>
  </div>
  <div>
    <label>
      last name
      <div
        className="undefined"
      >
        <input
          id="lastName"
          name="lastName"
          placeholder="Valdez"
          type="text"
        />
      </div>
    </label>
  </div>
  <div>
    <label>
      national id
      <div
        className="undefined"
      >
        <input
          id="nationalId"
          name="nationalId"
          placeholder="0123456789"
          type="number"
        />
      </div>
    </label>
  </div>
</div>
`;
